

Working Directory = /project/tsmc16/users/iday/ws/git/riscv-grid/pulp/synthesis/syn_ipr_full
QoS Summary for ipr
================================================================================
Metric                          map             incremental    
================================================================================
Slack (ps):                       865             844
  R2R (ps):                     1,300           1,280
  I2R (ps):                       865             844
  R2O (ps):                     1,164           1,163
  I2O (ps):                       923             923
  CG  (ps):                     1,165           1,170
TNS (ps):                           0               0
  R2R (ps):                         0               0
  I2R (ps):                         0               0
  R2O (ps):                         0               0
  I2O (ps):                         0               0
  CG  (ps):                         0               0
Failing Paths:                      0               0
Leakage Power (nW):               258             253
Cell Area:                        144             144
Total Cell Area:                  144             144
Leaf Instances:                   214             212
Total Instances:                  214             212
Utilization (%):                 0.00            0.00
Tot. Net Length (um):        no_value        no_value
Avg. Net Length (um):        no_value        no_value
Route Overflow H (%):        no_value        no_value
Route Overflow V (%):        no_value        no_value
MBCI(%) (bits/gate) :            0.00            0.00
Norm Cong Hotspot Area:
  Max Cong:                  no_value        no_value
  Tot Cong:                  no_value        no_value
================================================================================
CPU  Runtime (h:m:s):        00:00:39        00:00:08
Real Runtime (h:m:s):        00:00:37        00:00:08
CPU  Elapsed (h:m:s):        00:00:48        00:00:56
Real Elapsed (h:m:s):        00:00:41        00:00:49
Memory (MB):                  2446.85         2470.49
================================================================================
================================================================================
Flow Settings:
================================================================================
Total Runtime (h:m:s): 00:00:47
Total Memory (MB):     2470.49
Executable Version:    22.16-s078_1
================================================================================
Total Cell Area =  Cell Area + Physical Cell Area
Total Instances =  Leaf Instances + Physical Instances


