

Working Directory = /project/tsmc16/users/iday/ws/git/riscv-grid/pulp/synthesis/syn_ipr_full
QoS Summary for ipr
================================================================================
Metric                          map             incremental    
================================================================================
Slack (ps):                       789             751
  R2R (ps):                     1,205           1,188
  I2R (ps):                       789             751
  R2O (ps):                     1,024           1,024
  I2O (ps):                       923             923
  CG  (ps):                     1,120           1,113
TNS (ps):                           0               0
  R2R (ps):                         0               0
  I2R (ps):                         0               0
  R2O (ps):                         0               0
  I2O (ps):                         0               0
  CG  (ps):                         0               0
Failing Paths:                      0               0
Leakage Power (nW):               440             435
Cell Area:                        244             244
Total Cell Area:                  244             244
Leaf Instances:                   371             367
Total Instances:                  371             367
Utilization (%):                 0.00            0.00
Tot. Net Length (um):        no_value        no_value
Avg. Net Length (um):        no_value        no_value
Route Overflow H (%):        no_value        no_value
Route Overflow V (%):        no_value        no_value
MBCI(%) (bits/gate) :            0.00            0.00
Norm Cong Hotspot Area:
  Max Cong:                  no_value        no_value
  Tot Cong:                  no_value        no_value
================================================================================
CPU  Runtime (h:m:s):        00:00:42        00:00:07
Real Runtime (h:m:s):        00:00:41        00:00:08
CPU  Elapsed (h:m:s):        00:00:50        00:00:58
Real Elapsed (h:m:s):        00:00:44        00:00:52
Memory (MB):                  2450.55         2470.19
================================================================================
================================================================================
Flow Settings:
================================================================================
Total Runtime (h:m:s): 00:00:50
Total Memory (MB):     2470.19
Executable Version:    22.16-s078_1
================================================================================
Total Cell Area =  Cell Area + Physical Cell Area
Total Instances =  Leaf Instances + Physical Instances


