

Working Directory = /project/tsmc16/users/iday/ws/git/riscv-grid/pulp/synthesis/syn_core
QoS Summary for riscv_core
================================================================================
Metric                          map             incremental    
================================================================================
Slack (ps):                        17               0
  R2R (ps):                  no_value        no_value
  I2R (ps):                     1,084           1,004
  R2O (ps):                     1,349           1,349
  I2O (ps):                        17               0
  CG  (ps):                  no_value        no_value
TNS (ps):                           0               0
  R2R (ps):                  no_value        no_value
  I2R (ps):                         0               0
  R2O (ps):                         0               0
  I2O (ps):                         0               0
  CG  (ps):                  no_value        no_value
Failing Paths:                      0               0
Leakage Power (nW):            10,540           9,748
Cell Area:                      8,046           7,974
Total Cell Area:                8,046           7,974
Leaf Instances:                17,491          17,294
Total Instances:               17,491          17,294
Utilization (%):                 0.00            0.00
Tot. Net Length (um):        no_value        no_value
Avg. Net Length (um):        no_value        no_value
Route Overflow H (%):        no_value        no_value
Route Overflow V (%):        no_value        no_value
MBCI(%) (bits/gate) :            0.00            0.00
Norm Cong Hotspot Area:
  Max Cong:                  no_value        no_value
  Tot Cong:                  no_value        no_value
================================================================================
CPU  Runtime (h:m:s):        00:16:20        00:01:54
Real Runtime (h:m:s):        00:12:44        00:01:32
CPU  Elapsed (h:m:s):        00:16:32        00:18:26
Real Elapsed (h:m:s):        00:12:53        00:14:24
Memory (MB):                  2875.39         2875.36
================================================================================
================================================================================
Flow Settings:
================================================================================
Total Runtime (h:m:s): 00:14:22
Total Memory (MB):     2875.36
Executable Version:    22.16-s078_1
================================================================================
Total Cell Area =  Cell Area + Physical Cell Area
Total Instances =  Leaf Instances + Physical Instances


