

Working Directory = /project/tsmc16/users/iday/ws/git/riscv-grid/pulp/synthesis/syn_ipr
QoS Summary for ipr_cntrl
================================================================================
Metric                          map             incremental    
================================================================================
Slack (ps):                       784             766
  R2R (ps):                     1,221           1,203
  I2R (ps):                       784             766
  R2O (ps):                     1,316           1,316
  I2O (ps):                       923             923
  CG  (ps):                     1,315           1,315
TNS (ps):                           0               0
  R2R (ps):                         0               0
  I2R (ps):                         0               0
  R2O (ps):                         0               0
  I2O (ps):                         0               0
  CG  (ps):                         0               0
Failing Paths:                      0               0
Leakage Power (nW):               115             115
Cell Area:                         69              69
Total Cell Area:                   69              69
Leaf Instances:                    81              81
Total Instances:                   81              81
Utilization (%):                 0.00            0.00
Tot. Net Length (um):        no_value        no_value
Avg. Net Length (um):        no_value        no_value
Route Overflow H (%):        no_value        no_value
Route Overflow V (%):        no_value        no_value
MBCI(%) (bits/gate) :            0.00            0.00
Norm Cong Hotspot Area:
  Max Cong:                  no_value        no_value
  Tot Cong:                  no_value        no_value
================================================================================
CPU  Runtime (h:m:s):        00:00:35        00:00:09
Real Runtime (h:m:s):        00:01:08        00:00:08
CPU  Elapsed (h:m:s):        00:00:43        00:00:51
Real Elapsed (h:m:s):        00:01:11        00:01:20
Memory (MB):                  2448.99         2471.63
================================================================================
================================================================================
Flow Settings:
================================================================================
Total Runtime (h:m:s): 00:01:17
Total Memory (MB):     2471.63
Executable Version:    22.16-s078_1
================================================================================
Total Cell Area =  Cell Area + Physical Cell Area
Total Instances =  Leaf Instances + Physical Instances


