

Working Directory = /project/tsmc16/users/iday/ws/git/riscv-grid/pulp/synthesis/syn_ipr_full
QoS Summary for ipr
================================================================================
Metric                          map             incremental    
================================================================================
Slack (ps):                       753             731
  R2R (ps):                     1,121           1,111
  I2R (ps):                       753             731
  R2O (ps):                     1,173           1,171
  I2O (ps):                       923             923
  CG  (ps):                     1,035           1,026
TNS (ps):                           0               0
  R2R (ps):                         0               0
  I2R (ps):                         0               0
  R2O (ps):                         0               0
  I2O (ps):                         0               0
  CG  (ps):                         0               0
Failing Paths:                      0               0
Leakage Power (nW):             1,466           1,445
Cell Area:                        783             778
Total Cell Area:                  783             778
Leaf Instances:                 1,232           1,223
Total Instances:                1,232           1,223
Utilization (%):                 0.00            0.00
Tot. Net Length (um):        no_value        no_value
Avg. Net Length (um):        no_value        no_value
Route Overflow H (%):        no_value        no_value
Route Overflow V (%):        no_value        no_value
MBCI(%) (bits/gate) :            0.00            0.00
Norm Cong Hotspot Area:
  Max Cong:                  no_value        no_value
  Tot Cong:                  no_value        no_value
================================================================================
CPU  Runtime (h:m:s):        00:00:59        00:00:18
Real Runtime (h:m:s):        00:00:53        00:00:14
CPU  Elapsed (h:m:s):        00:01:07        00:01:25
Real Elapsed (h:m:s):        00:00:58        00:01:12
Memory (MB):                  2462.14         2477.78
================================================================================
================================================================================
Flow Settings:
================================================================================
Total Runtime (h:m:s): 00:01:08
Total Memory (MB):     2477.78
Executable Version:    22.16-s078_1
================================================================================
Total Cell Area =  Cell Area + Physical Cell Area
Total Instances =  Leaf Instances + Physical Instances


