

Working Directory = /project/tsmc16/users/iday/ws/git/riscv-grid/pulp/synthesis/syn_ipr_full
QoS Summary for ipr
================================================================================
Metric                          map             incremental    
================================================================================
Slack (ps):                       775             718
  R2R (ps):                     1,188           1,136
  I2R (ps):                       775             718
  R2O (ps):                     1,203           1,201
  I2O (ps):                       923             923
  CG  (ps):                     1,094           1,087
TNS (ps):                           0               0
  R2R (ps):                         0               0
  I2R (ps):                         0               0
  R2O (ps):                         0               0
  I2O (ps):                         0               0
  CG  (ps):                         0               0
Failing Paths:                      0               0
Leakage Power (nW):               794             782
Cell Area:                        428             426
Total Cell Area:                  428             426
Leaf Instances:                   661             660
Total Instances:                  661             660
Utilization (%):                 0.00            0.00
Tot. Net Length (um):        no_value        no_value
Avg. Net Length (um):        no_value        no_value
Route Overflow H (%):        no_value        no_value
Route Overflow V (%):        no_value        no_value
MBCI(%) (bits/gate) :            0.00            0.00
Norm Cong Hotspot Area:
  Max Cong:                  no_value        no_value
  Tot Cong:                  no_value        no_value
================================================================================
CPU  Runtime (h:m:s):        00:00:49        00:00:08
Real Runtime (h:m:s):        00:00:48        00:00:09
CPU  Elapsed (h:m:s):        00:00:58        00:01:06
Real Elapsed (h:m:s):        00:00:52        00:01:01
Memory (MB):                  2454.99         2474.63
================================================================================
================================================================================
Flow Settings:
================================================================================
Total Runtime (h:m:s): 00:00:58
Total Memory (MB):     2474.63
Executable Version:    22.16-s078_1
================================================================================
Total Cell Area =  Cell Area + Physical Cell Area
Total Instances =  Leaf Instances + Physical Instances


